[12:44:18] [ServerMain/INFO]: [bootstrap] Running Java 21 (OpenJDK 64-Bit Server VM 21.0.10+7-Ubuntu-124.04; Ubuntu null) on Linux 6.8.0-1044-azure (amd64)
[12:44:18] [ServerMain/INFO]: [bootstrap] Loading Paper 1.21.1-130-ver/1.21.1@4d2672e (2024-10-30T18:33:50Z) for Minecraft 1.21.1
[12:44:19] [ServerMain/INFO]: [PluginInitializerManager] Initializing plugins...
[12:44:20] [Paper Plugin Remapper Thread - 2/INFO]: [PluginRemapper] Remapping plugin 'plugins/mc-SpotifyLink-1.0.0.jar'...
[12:44:21] [Paper Plugin Remapper Thread - 2/INFO]: [PluginRemapper] Done remapping plugin 'plugins/mc-SpotifyLink-1.0.0.jar' in 1837ms.
[12:44:22] [ServerMain/INFO]: [PluginInitializerManager] Initialized 7 plugins
[12:44:22] [ServerMain/INFO]: [PluginInitializerManager] Bukkit plugins (7):
 - EntityClearer (4.1.3), PolyStacking (1.3-release), TuffXPlus (1.0.0), ViaBackwards (5.8.1), ViaRewind (4.0.15), ViaVersion (5.9.0-SNAPSHOT), mc-SpotifyLink (1.0.0)
[12:44:28] [ServerMain/INFO]: Environment: Environment[sessionHost=https://sessionserver.mojang.com, servicesHost=https://api.minecraftservices.com, name=PROD]
[12:44:31] [ServerMain/INFO]: Loaded 1290 recipes
[12:44:31] [ServerMain/INFO]: Loaded 1399 advancements
[12:44:32] [Server thread/INFO]: Starting minecraft server version 1.21.1
[12:44:32] [Server thread/INFO]: Loading properties
[12:44:32] [Server thread/INFO]: This server is running Paper version 1.21.1-130-ver/1.21.1@4d2672e (2024-10-30T18:33:50Z) (Implementing API version 1.21.1-R0.1-SNAPSHOT)
[12:44:33] [Server thread/INFO]: [spark] This server bundles the spark profiler. For more information please visit https://docs.papermc.io/paper/profiling
[12:44:33] [Server thread/INFO]: Server Ping Player Sample Count: 12
[12:44:33] [Server thread/INFO]: Using 2 threads for Netty based IO
[12:44:35] [Server thread/INFO]: [ChunkTaskScheduler] Chunk system is using 1 I/O threads, 1 worker threads, and population gen parallelism of 1 threads
[12:44:35] [Server thread/INFO]: Default game type: SURVIVAL
[12:44:35] [Server thread/INFO]: Generating keypair
[12:44:35] [Server thread/INFO]: Starting Minecraft server on *:25568
[12:44:35] [Server thread/INFO]: Using epoll channel type
[12:44:35] [Server thread/INFO]: Paper: Using libdeflate (Linux x86_64) compression from Velocity.
[12:44:35] [Server thread/INFO]: Paper: Using OpenSSL 3.x.x (Linux x86_64) cipher from Velocity.
[12:44:36] [Server thread/INFO]: [mc-SpotifyLink] It appears you're running mc-SpotifyLink for the first time.
[12:44:36] [Server thread/INFO]: [mc-SpotifyLink] Please give me a few seconds to install dependencies. This is a one-time process.
[12:44:43] [Server thread/INFO]: [ViaVersion] Loading server plugin ViaVersion v5.9.0-SNAPSHOT
[12:44:43] [Server thread/INFO]: [ViaVersion] ViaVersion 5.9.0-SNAPSHOT is now loaded. Registering protocol transformers and injecting...
[12:44:44] [Via-Mappingloader-1/INFO]: [ViaVersion] Loading block connection mappings ...
[12:44:44] [Via-Mappingloader-1/INFO]: [ViaVersion] Using FastUtil Long2ObjectOpenHashMap for block connections
[12:44:45] [Server thread/INFO]: [ViaBackwards] Loading translations...
[12:44:45] [Server thread/INFO]: [ViaBackwards] Registering protocols...
[12:44:45] [Via-Mappingloader-2/ERROR]: [ViaVersion] Error during loading of Protocol1_10To1_9_3
java.util.concurrent.CompletionException: java.lang.IllegalArgumentException: Packet type SOUND already registered! If override is intentional, use replaceClientbound instead.
	at java.base/java.util.concurrent.CompletableFuture.encodeThrowable(CompletableFuture.java:315) ~[?:?]
	at java.base/java.util.concurrent.CompletableFuture.completeThrowable(CompletableFuture.java:320) ~[?:?]
	at java.base/java.util.concurrent.CompletableFuture$AsyncRun.run(CompletableFuture.java:1807) ~[?:?]
	at java.base/java.util.concurrent.CompletableFuture$AsyncRun.exec(CompletableFuture.java:1796) ~[?:?]
	at java.base/java.util.concurrent.ForkJoinTask.doExec(ForkJoinTask.java:387) ~[?:?]
	at java.base/java.util.concurrent.ForkJoinPool$WorkQueue.topLevelExec(ForkJoinPool.java:1312) ~[?:?]
	at java.base/java.util.concurrent.ForkJoinPool.scan(ForkJoinPool.java:1843) ~[?:?]
	at java.base/java.util.concurrent.ForkJoinPool.runWorker(ForkJoinPool.java:1808) ~[?:?]
	at java.base/java.util.concurrent.ForkJoinWorkerThread.run(ForkJoinWorkerThread.java:188) ~[?:?]
Caused by: java.lang.IllegalArgumentException: Packet type SOUND already registered! If override is intentional, use replaceClientbound instead.
	at ViaVersion-5.9.0-SNAPSHOT.jar/com.viaversion.viaversion.api.protocol.AbstractProtocol.register(AbstractProtocol.java:460) ~[ViaVersion-5.9.0-SNAPSHOT.jar:?]
	at ViaVersion-5.9.0-SNAPSHOT.jar/com.viaversion.viaversion.api.protocol.AbstractProtocol.registerClientbound(AbstractProtocol.java:420) ~[ViaVersion-5.9.0-SNAPSHOT.jar:?]
	at ViaVersion-5.9.0-SNAPSHOT.jar/com.viaversion.viaversion.api.protocol.Protocol.registerClientbound(Protocol.java:136) ~[ViaVersion-5.9.0-SNAPSHOT.jar:?]
	at ViaVersion-5.9.0-SNAPSHOT.jar/com.viaversion.viaversion.api.protocol.AbstractProtocol.registerClientbound(AbstractProtocol.java:415) ~[ViaVersion-5.9.0-SNAPSHOT.jar:?]
	at ViaBackwards-5.8.1 (1).jar/com.viaversion.viabackwards.protocol.v1_10to1_9_3.Protocol1_10To1_9_3.registerPackets(Protocol1_10To1_9_3.java:73) ~[ViaBackwards-5.8.1 (1).jar:?]
	at ViaVersion-5.9.0-SNAPSHOT.jar/com.viaversion.viaversion.api.protocol.AbstractProtocol.initialize(AbstractProtocol.java:117) ~[ViaVersion-5.9.0-SNAPSHOT.jar:?]
	at ViaVersion-5.9.0-SNAPSHOT.jar/com.viaversion.viaversion.api.protocol.AbstractProtocol.loadMappingData(AbstractProtocol.java:248) ~[ViaVersion-5.9.0-SNAPSHOT.jar:?]
	at java.base/java.util.concurrent.CompletableFuture$AsyncRun.run(CompletableFuture.java:1804) ~[?:?]
	... 6 more
[12:44:45] [Via-Mappingloader-1/ERROR]: [ViaVersion] Error during loading of Protocol1_11To1_10
java.util.concurrent.CompletionException: java.lang.IllegalArgumentException: Packet type SOUND already registered! If override is intentional, use replaceClientbound instead.
	at java.base/java.util.concurrent.CompletableFuture.encodeThrowable(CompletableFuture.java:315) ~[?:?]
	at java.base/java.util.concurrent.CompletableFuture.completeThrowable(CompletableFuture.java:320) ~[?:?]
	at java.base/java.util.concurrent.CompletableFuture$AsyncRun.run(CompletableFuture.java:1807) ~[?:?]
	at java.base/java.util.concurrent.CompletableFuture$AsyncRun.exec(CompletableFuture.java:1796) ~[?:?]
	at java.base/java.util.concurrent.ForkJoinTask.doExec(ForkJoinTask.java:387) ~[?:?]
	at java.base/java.util.concurrent.ForkJoinPool$WorkQueue.topLevelExec(ForkJoinPool.java:1312) ~[?:?]
	at java.base/java.util.concurrent.ForkJoinPool.scan(ForkJoinPool.java:1843) ~[?:?]
	at java.base/java.util.concurrent.ForkJoinPool.runWorker(ForkJoinPool.java:1808) ~[?:?]
	at java.base/java.util.concurrent.ForkJoinWorkerThread.run(ForkJoinWorkerThread.java:188) ~[?:?]
Caused by: java.lang.IllegalArgumentException: Packet type SOUND already registered! If override is intentional, use replaceClientbound instead.
	at ViaVersion-5.9.0-SNAPSHOT.jar/com.viaversion.viaversion.api.protocol.AbstractProtocol.register(AbstractProtocol.java:460) ~[ViaVersion-5.9.0-SNAPSHOT.jar:?]
	at ViaVersion-5.9.0-SNAPSHOT.jar/com.viaversion.viaversion.api.protocol.AbstractProtocol.registerClientbound(AbstractProtocol.java:420) ~[ViaVersion-5.9.0-SNAPSHOT.jar:?]
	at ViaVersion-5.9.0-SNAPSHOT.jar/com.viaversion.viaversion.api.protocol.Protocol.registerClientbound(Protocol.java:136) ~[ViaVersion-5.9.0-SNAPSHOT.jar:?]
	at ViaVersion-5.9.0-SNAPSHOT.jar/com.viaversion.viaversion.api.protocol.AbstractProtocol.registerClientbound(AbstractProtocol.java:415) ~[ViaVersion-5.9.0-SNAPSHOT.jar:?]
	at ViaVersion-5.9.0-SNAPSHOT.jar/com.viaversion.viaversion.rewriter.SoundRewriter.registerSound(SoundRewriter.java:40) ~[ViaVersion-5.9.0-SNAPSHOT.jar:?]
	at ViaBackwards-5.8.1 (1).jar/com.viaversion.viabackwards.protocol.v1_11to1_10.Protocol1_11To1_10.registerPackets(Protocol1_11To1_10.java:56) ~[ViaBackwards-5.8.1 (1).jar:?]
	at ViaVersion-5.9.0-SNAPSHOT.jar/com.viaversion.viaversion.api.protocol.AbstractProtocol.initialize(AbstractProtocol.java:117) ~[ViaVersion-5.9.0-SNAPSHOT.jar:?]
	at ViaVersion-5.9.0-SNAPSHOT.jar/com.viaversion.viaversion.api.protocol.AbstractProtocol.loadMappingData(AbstractProtocol.java:248) ~[ViaVersion-5.9.0-SNAPSHOT.jar:?]
	at java.base/java.util.concurrent.CompletableFuture$AsyncRun.run(CompletableFuture.java:1804) ~[?:?]
	... 6 more
[12:44:45] [Via-Mappingloader-2/ERROR]: [ViaVersion] Error during loading of Protocol1_12To1_11_1
java.util.concurrent.CompletionException: java.lang.IllegalArgumentException: Packet type SOUND already registered! If override is intentional, use replaceClientbound instead.
	at java.base/java.util.concurrent.CompletableFuture.encodeThrowable(CompletableFuture.java:315) ~[?:?]
	at java.base/java.util.concurrent.CompletableFuture.completeThrowable(CompletableFuture.java:320) ~[?:?]
	at java.base/java.util.concurrent.CompletableFuture$AsyncRun.run(CompletableFuture.java:1807) ~[?:?]
	at java.base/java.util.concurrent.CompletableFuture$AsyncRun.exec(CompletableFuture.java:1796) ~[?:?]
	at java.base/java.util.concurrent.ForkJoinTask.doExec(ForkJoinTask.java:387) ~[?:?]
	at java.base/java.util.concurrent.ForkJoinPool$WorkQueue.topLevelExec(ForkJoinPool.java:1312) ~[?:?]
	at java.base/java.util.concurrent.ForkJoinPool.scan(ForkJoinPool.java:1843) ~[?:?]
	at java.base/java.util.concurrent.ForkJoinPool.runWorker(ForkJoinPool.java:1808) ~[?:?]
	at java.base/java.util.concurrent.ForkJoinWorkerThread.run(ForkJoinWorkerThread.java:188) ~[?:?]
Caused by: java.lang.IllegalArgumentException: Packet type SOUND already registered! If override is intentional, use replaceClientbound instead.
	at ViaVersion-5.9.0-SNAPSHOT.jar/com.viaversion.viaversion.api.protocol.AbstractProtocol.register(AbstractProtocol.java:460) ~[ViaVersion-5.9.0-SNAPSHOT.jar:?]
	at ViaVersion-5.9.0-SNAPSHOT.jar/com.viaversion.viaversion.api.protocol.AbstractProtocol.registerClientbound(AbstractProtocol.java:420) ~[ViaVersion-5.9.0-SNAPSHOT.jar:?]
	at ViaVersion-5.9.0-SNAPSHOT.jar/com.viaversion.viaversion.api.protocol.Protocol.registerClientbound(Protocol.java:136) ~[ViaVersion-5.9.0-SNAPSHOT.jar:?]
	at ViaVersion-5.9.0-SNAPSHOT.jar/com.viaversion.viaversion.api.protocol.AbstractProtocol.registerClientbound(AbstractProtocol.java:415) ~[ViaVersion-5.9.0-SNAPSHOT.jar:?]
	at ViaBackwards-5.8.1 (1).jar/com.viaversion.viabackwards.protocol.v1_12to1_11_1.rewriter.SoundPacketRewriter1_12.registerPackets(SoundPacketRewriter1_12.java:48) ~[ViaBackwards-5.8.1 (1).jar:?]
	at ViaVersion-5.9.0-SNAPSHOT.jar/com.viaversion.viaversion.api.rewriter.RewriterBase.register(RewriterBase.java:36) ~[ViaVersion-5.9.0-SNAPSHOT.jar:?]
	at ViaBackwards-5.8.1 (1).jar/com.viaversion.viabackwards.protocol.v1_12to1_11_1.Protocol1_12To1_11_1.registerPackets(Protocol1_12To1_11_1.java:56) ~[ViaBackwards-5.8.1 (1).jar:?]
	at ViaVersion-5.9.0-SNAPSHOT.jar/com.viaversion.viaversion.api.protocol.AbstractProtocol.initialize(AbstractProtocol.java:117) ~[ViaVersion-5.9.0-SNAPSHOT.jar:?]
	at ViaVersion-5.9.0-SNAPSHOT.jar/com.viaversion.viaversion.api.protocol.AbstractProtocol.loadMappingData(AbstractProtocol.java:248) ~[ViaVersion-5.9.0-SNAPSHOT.jar:?]
	at java.base/java.util.concurrent.CompletableFuture$AsyncRun.run(CompletableFuture.java:1804) ~[?:?]
	... 6 more
[12:44:45] [Server thread/ERROR]: [ViaVersion] Error initializing plugin 'ViaVersion-5.9.0-SNAPSHOT.jar' in folder 'plugins' (Is it up to date?)
java.lang.NoSuchMethodError: 'void com.viaversion.viabackwards.api.rewriters.text.JsonNBTComponentRewriter.registerPing()'
	at ViaBackwards-5.8.1 (1).jar/com.viaversion.viabackwards.protocol.v1_13to1_12_2.Protocol1_13To1_12_2.registerPackets(Protocol1_13To1_12_2.java:91) ~[ViaBackwards-5.8.1 (1).jar:?]
	at ViaVersion-5.9.0-SNAPSHOT.jar/com.viaversion.viaversion.api.protocol.AbstractProtocol.initialize(AbstractProtocol.java:117) ~[ViaVersion-5.9.0-SNAPSHOT.jar:?]
	at ViaVersion-5.9.0-SNAPSHOT.jar/com.viaversion.viaversion.protocol.ProtocolManagerImpl.registerProtocol(ProtocolManagerImpl.java:259) ~[ViaVersion-5.9.0-SNAPSHOT.jar:?]
	at ViaVersion-5.9.0-SNAPSHOT.jar/com.viaversion.viaversion.protocol.ProtocolManagerImpl.registerProtocol(ProtocolManagerImpl.java:226) ~[ViaVersion-5.9.0-SNAPSHOT.jar:?]
	at ViaBackwards-5.8.1 (1).jar/com.viaversion.viabackwards.api.ViaBackwardsPlatform.init(ViaBackwardsPlatform.java:120) ~[ViaBackwards-5.8.1 (1).jar:?]
	at ViaBackwards-5.8.1 (1).jar/com.viaversion.viabackwards.api.ViaBackwardsPlatform.init(ViaBackwardsPlatform.java:85) ~[ViaBackwards-5.8.1 (1).jar:?]
	at ViaBackwards-5.8.1 (1).jar/com.viaversion.viabackwards.BukkitPlugin.lambda$new$0(BukkitPlugin.java:39) ~[ViaBackwards-5.8.1 (1).jar:?]
	at ViaVersion-5.9.0-SNAPSHOT.jar/com.viaversion.viaversion.ViaManagerImpl.init(ViaManagerImpl.java:135) ~[ViaVersion-5.9.0-SNAPSHOT.jar:?]
	at ViaVersion-5.9.0-SNAPSHOT.jar/com.viaversion.viaversion.ViaVersionPlugin.onLoad(ViaVersionPlugin.java:85) ~[ViaVersion-5.9.0-SNAPSHOT.jar:?]
	at io.papermc.paper.plugin.storage.ServerPluginProviderStorage.processProvided(ServerPluginProviderStorage.java:59) ~[paper-1.21.1.jar:1.21.1-130-4d2672e]
	at io.papermc.paper.plugin.storage.ServerPluginProviderStorage.processProvided(ServerPluginProviderStorage.java:18) ~[paper-1.21.1.jar:1.21.1-130-4d2672e]
	at io.papermc.paper.plugin.storage.SimpleProviderStorage.enter(SimpleProviderStorage.java:39) ~[paper-1.21.1.jar:1.21.1-130-4d2672e]
	at io.papermc.paper.plugin.entrypoint.LaunchEntryPointHandler.enter(LaunchEntryPointHandler.java:40) ~[paper-1.21.1.jar:1.21.1-130-4d2672e]
	at org.bukkit.craftbukkit.CraftServer.loadPlugins(CraftServer.java:547) ~[paper-1.21.1.jar:1.21.1-130-4d2672e]
	at net.minecraft.server.dedicated.DedicatedServer.initServer(DedicatedServer.java:292) ~[paper-1.21.1.jar:1.21.1-130-4d2672e]
	at net.minecraft.server.MinecraftServer.runServer(MinecraftServer.java:1214) ~[paper-1.21.1.jar:1.21.1-130-4d2672e]
	at net.minecraft.server.MinecraftServer.lambda$spin$0(MinecraftServer.java:329) ~[paper-1.21.1.jar:1.21.1-130-4d2672e]
	at java.base/java.lang.Thread.run(Thread.java:1583) ~[?:?]
[12:44:45] [Server thread/INFO]: [ViaBackwards] Loading server plugin ViaBackwards v5.8.1
[12:44:45] [Server thread/INFO]: [ViaRewind] Loading server plugin ViaRewind v4.0.15
[12:44:45] [Server thread/INFO]: [PolyStacking] Loading server plugin PolyStacking v1.3-release
[12:44:45] [Server thread/INFO]: [TuffXPlus] Loading server plugin TuffXPlus v1.0.0
[12:44:47] [Server thread/INFO]: [EntityClearer] Loading server plugin EntityClearer v4.1.3
[12:44:47] [Server thread/INFO]: [mc-SpotifyLink] Loading server plugin mc-SpotifyLink v1.0.0
[12:44:47] [Server thread/INFO]: Server permissions file permissions.yml is empty, ignoring it
[12:44:47] [Server thread/INFO]: [ViaRewind] Enabling ViaRewind v4.0.15
[12:44:47] [Server thread/WARN]: **** SERVER IS RUNNING IN OFFLINE/INSECURE MODE!
[12:44:47] [Server thread/WARN]: The server will make no attempt to authenticate usernames. Beware.
[12:44:47] [Server thread/WARN]: While this makes the game possible to play without internet access, it also opens up the ability for hackers to connect with any username they choose.
[12:44:47] [Server thread/WARN]: To change this, set "online-mode" to "true" in the server.properties file.
[12:44:47] [Server thread/INFO]: Preparing level "world"
[12:44:48] [Server thread/INFO]: Preparing start region for dimension minecraft:overworld
[12:44:50] [Server thread/INFO]: Time elapsed: 2307 ms
[12:44:50] [Server thread/INFO]: Preparing start region for dimension minecraft:the_nether
[12:44:51] [Server thread/INFO]: Time elapsed: 723 ms
[12:44:51] [Server thread/INFO]: Preparing start region for dimension minecraft:the_end
[12:44:51] [Server thread/INFO]: Time elapsed: 413 ms
[12:44:51] [Server thread/INFO]: [ViaVersion] Enabling ViaVersion v5.9.0-SNAPSHOT
[12:44:51] [Server thread/INFO]: [ViaVersion] ViaVersion detected server version: 1.21-1.21.1 (767)
[12:44:52] [Server thread/INFO]: [ViaBackwards] Enabling ViaBackwards v5.8.1
[12:44:52] [Server thread/INFO]: [PolyStacking] Enabling PolyStacking v1.3-release
[12:44:52] [Server thread/INFO]: PolyStacking  Plugin has been enabled!
[12:44:52] [Server thread/INFO]: [TuffXPlus] Enabling TuffXPlus v1.0.0
[12:44:52] [Server thread/INFO]: [TuffXPlus] [Y0] Server Minecraft Version: 1.21.1
[12:44:52] [Server thread/INFO]: [TuffXPlus] [TuffActions] TuffActions has been enabled
[12:44:52] [Server thread/INFO]: [TuffXPlus] [TuffActions] Enabling features...
[12:44:52] [Server thread/INFO]: [TuffXPlus] [TuffActions] Swimming enabled.
[12:44:52] [Server thread/INFO]: [TuffXPlus] [TuffActions] Creative items enabled.
[12:44:53] [Server thread/INFO]: [TuffXPlus] [TuffActions] Successfully loaded 1326 creative tab mappings.
[12:44:53] [Server thread/INFO]: [TuffXPlus] [TuffActions] Finished enabling features.
[12:44:53] [Server thread/INFO]: [TuffXPlus] [ViaBlocks] Generating ViaBlocks Pre-Defined Palette...
[12:44:53] [Server thread/INFO]: [TuffXPlus] [ViaBlocks] Palette initialized with 576 entries.
[12:44:53] [Server thread/INFO]: [TuffXPlus] [ViaBlocks] Paper detected. Enabling optimized asynchronous scheduling.
[12:44:53] [Server thread/INFO]: [TuffXPlus] [ViaBlocks] ViaBlocks has been enabled successfully and is listening for client handshakes.
[12:44:53] [Server thread/INFO]: [TuffXPlus] [ViaEntities] ViaEntities enabled with 43 modern entities
[12:44:53] [Server thread/INFO]: [TuffXPlus] 
[12:44:53] [Server thread/INFO]: [TuffXPlus] ████████╗██╗   ██╗███████╗ ███████╗ ██╗  ██╗
[12:44:53] [Server thread/INFO]: [TuffXPlus] ╚══██╔══╝██║   ██║██╔════╝ ██╔════╝ ╚██╗██╔╝
[12:44:53] [Server thread/INFO]: [TuffXPlus]    ██║   ██║   ██║██████╗  ██████╗   ╚███╔╝ 
[12:44:53] [Server thread/INFO]: [TuffXPlus]    ██║   ██║   ██║██╔═══╝  ██╔═══╝   ██╔██╗ 
[12:44:53] [Server thread/INFO]: [TuffXPlus]    ██║   ╚██████╔╝██║      ██║      ██╔╝╚██╗
[12:44:53] [Server thread/INFO]: [TuffXPlus]    ╚═╝    ╚═════╝ ╚═╝      ╚═╝      ╚═╝  ╚═╝
[12:44:53] [Server thread/INFO]: [TuffXPlus] 
[12:44:53] [Server thread/INFO]: [TuffXPlus] CREDITS
[12:44:53] [Server thread/INFO]: [TuffXPlus] 
[12:44:53] [Server thread/INFO]: [TuffXPlus] Y0 support:
[12:44:53] [Server thread/INFO]: [TuffXPlus] • Below y0 (client + plugin) programmed by Potato (@justatypicalpotato)
[12:44:53] [Server thread/INFO]: [TuffXPlus] • llucasandersen - plugin optimizations
[12:44:53] [Server thread/INFO]: [TuffXPlus] 
[12:44:53] [Server thread/INFO]: [TuffXPlus] ViaBlocks:
[12:44:53] [Server thread/INFO]: [TuffXPlus] • ViaBlocks partial plugin and client rewrite by Potato
[12:44:53] [Server thread/INFO]: [TuffXPlus] • llucasandersen (Complex client models and texture fixes,
[12:44:53] [Server thread/INFO]: [TuffXPlus]       optimizations, PacketEvents migration and async safety fixes)
[12:44:53] [Server thread/INFO]: [TuffXPlus] • coleis1op, if ts is driving me crazy, im taking credit
[12:44:53] [Server thread/INFO]: [TuffXPlus] 
[12:44:53] [Server thread/INFO]: [TuffXPlus] Other:
[12:44:53] [Server thread/INFO]: [TuffXPlus] • Swimming and creative items programmed by Potato (@justatypicalpotato)
[12:44:53] [Server thread/INFO]: [TuffXPlus] • shaded build, 1.14+ support (before merge) - llucasandersen
[12:44:53] [Server thread/INFO]: [TuffXPlus] • Restrictions - UplandJacob
[12:44:53] [Server thread/INFO]: [TuffXPlus] • Overall plugin merges by Potato
[12:44:53] [Server thread/INFO]: [EntityClearer] Enabling EntityClearer v4.1.3
[12:44:53] [Server thread/INFO]: [mc-SpotifyLink] Enabling mc-SpotifyLink v1.0.0
[12:44:54] [Server thread/INFO]: [spark] Starting background profiler...
[12:44:55] [Server thread/INFO]: Done preparing level "world" (7.670s)
[12:44:55] [Server thread/INFO]: Starting GS4 status listener
[12:44:55] [Server thread/INFO]: Thread Query Listener started
[12:44:55] [Query Listener #1/INFO]: Query running on 0.0.0.0:25565
[12:44:55] [Server thread/INFO]: Running delayed init tasks
[12:44:55] [Craft Scheduler Thread - 2 - ViaVersion/INFO]: [ViaVersion] Finished mapping loading, shutting down loader executor.
[12:44:55] [Server thread/INFO]: [TuffXPlus] [Y0] Loading mappings from 1.21.1-mappings.json
[12:44:56] [Server thread/INFO]: [TuffXPlus] [Y0] Loaded 26684 legacy mappings.
[12:44:56] [Server thread/INFO]: [ViaVersion] You are running a development version of the plugin, please report any bugs to GitHub.
[12:44:56] [Server thread/INFO]: Done (38.539s)! For help, type "help"
[12:44:56] [Server thread/INFO]: Timings Reset
[12:44:56] [Server thread/INFO]: [EntityClearer] TPS monitoring activated.
[12:45:04] [Server thread/INFO]: Made IHateMyGrades no longer a server operator
[12:45:09] [Server thread/INFO]: Stopping server
[12:45:09] [Server thread/INFO]: [mc-SpotifyLink] Disabling mc-SpotifyLink v1.0.0
[12:45:09] [Server thread/INFO]: [EntityClearer] Disabling EntityClearer v4.1.3
[12:45:09] [Server thread/INFO]: [TuffXPlus] Disabling TuffXPlus v1.0.0
[12:45:09] [Server thread/INFO]: [TuffXPlus] [ViaBlocks] ViaBlocks has been disabled.
[12:45:09] [Server thread/INFO]: [PolyStacking] Disabling PolyStacking v1.3-release
[12:45:09] [Server thread/INFO]: PolyStacking  Plugin has been disabled!
[12:45:09] [Server thread/INFO]: [ViaRewind] Disabling ViaRewind v4.0.15
[12:45:09] [Server thread/INFO]: [ViaBackwards] Disabling ViaBackwards v5.8.1
[12:45:09] [Server thread/INFO]: [ViaVersion] Disabling ViaVersion v5.9.0-SNAPSHOT
[12:45:09] [Server thread/INFO]: [ViaVersion] ViaVersion has been disabled; uninjected the platform and shut down the scheduler.
[12:45:09] [Server thread/INFO]: Saving players
[12:45:09] [Server thread/INFO]: Saving worlds
[12:45:09] [Server thread/INFO]: Saving chunks for level 'ServerLevel[world]'/minecraft:overworld
[12:45:09] [Server thread/INFO]: [ChunkHolderManager] Waiting 60s for chunk system to halt for world 'world'
[12:45:09] [Server thread/INFO]: [ChunkHolderManager] Halted chunk system for world 'world'
[12:45:09] [Server thread/INFO]: [ChunkHolderManager] Saving all chunkholders for world 'world'
[12:45:10] [Server thread/INFO]: [ChunkHolderManager] Saved 49 block chunks, 49 entity chunks, 0 poi chunks in world 'world' in 1.02s
[12:45:10] [Server thread/INFO]: Saving chunks for level 'ServerLevel[world_nether]'/minecraft:the_nether
[12:45:10] [Server thread/INFO]: [ChunkHolderManager] Waiting 60s for chunk system to halt for world 'world_nether'
[12:45:10] [Server thread/INFO]: [ChunkHolderManager] Halted chunk system for world 'world_nether'
[12:45:10] [Server thread/INFO]: [ChunkHolderManager] Saving all chunkholders for world 'world_nether'
[12:45:11] [Server thread/INFO]: [ChunkHolderManager] Saved 49 block chunks, 49 entity chunks, 0 poi chunks in world 'world_nether' in 0.15s
[12:45:11] [Server thread/INFO]: Saving chunks for level 'ServerLevel[world_the_end]'/minecraft:the_end
[12:45:11] [Server thread/INFO]: [ChunkHolderManager] Waiting 60s for chunk system to halt for world 'world_the_end'
[12:45:11] [Server thread/INFO]: [ChunkHolderManager] Halted chunk system for world 'world_the_end'
[12:45:11] [Server thread/INFO]: [ChunkHolderManager] Saving all chunkholders for world 'world_the_end'
[12:45:11] [Server thread/INFO]: [ChunkHolderManager] Saved 49 block chunks, 49 entity chunks, 0 poi chunks in world 'world_the_end' in 0.08s
[12:45:11] [Server thread/INFO]: ThreadedAnvilChunkStorage (world): All chunks are saved
[12:45:11] [Server thread/INFO]: ThreadedAnvilChunkStorage (DIM-1): All chunks are saved
[12:45:11] [Server thread/INFO]: ThreadedAnvilChunkStorage (DIM1): All chunks are saved
[12:45:11] [Server thread/INFO]: ThreadedAnvilChunkStorage: All dimensions are saved
[12:45:11] [Server thread/INFO]: Saving usercache.json
