[11:37:44] [main/INFO] [com.velocitypowered.proxy.VelocityServer]: Booting up Velocity 3.5.0-SNAPSHOT (git-f712997d-b593)...
[11:37:44] [main/INFO] [com.velocitypowered.proxy.network.ConnectionManager]: Connections will use epoll channels, libdeflate (Linux x86_64) compression, OpenSSL 3.x.x (Linux x86_64) ciphers
[11:37:44] [main/WARN] [com.velocitypowered.proxy.config.VelocityConfiguration]: The proxy is running in offline mode! This is a security risk and you will NOT receive any support!
[11:37:44] [main/WARN] [com.velocitypowered.proxy.config.VelocityConfiguration]: Player info forwarding is disabled! All players will appear to be connecting from the proxy and will have offline-mode UUIDs.
[11:37:44] [main/INFO] [com.velocitypowered.proxy.VelocityServer]: Loading localizations...
[11:37:44] [main/INFO] [com.velocitypowered.proxy.VelocityServer]: Loading plugins...
[11:37:45] [main/INFO] [eaglerxserver]: Loading EaglercraftXServer 1.0.8...
[11:37:45] [main/INFO] [eaglerxserver]: (Platform: Velocity)
[11:37:45] [main/INFO] [eaglerxserver]: Server Name: "EaglercraftXServer"
[11:37:45] [main/ERROR] [eaglerxserver]: Could not load server icon: server-icon.png
javax.imageio.IIOException: Can't read input file!
	at java.desktop/javax.imageio.ImageIO.read(ImageIO.java:1264)
	at net.lax1dude.eaglercraft.backend.server.base.ServerIconLoader.loadServerIcon(ServerIconLoader.java:112)
	at net.lax1dude.eaglercraft.backend.server.base.ServerIconLoader$1.loadServerIcon(ServerIconLoader.java:51)
	at net.lax1dude.eaglercraft.backend.server.base.EaglerListener.<init>(EaglerListener.java:90)
	at net.lax1dude.eaglercraft.backend.server.base.EaglerListener.<init>(EaglerListener.java:58)
	at net.lax1dude.eaglercraft.backend.server.base.EaglerXServer.loadProxying(EaglerXServer.java:355)
	at net.lax1dude.eaglercraft.backend.server.base.EaglerXServer.load(EaglerXServer.java:339)
	at net.lax1dude.eaglercraft.backend.server.velocity.PlatformPluginVelocity.<init>(PlatformPluginVelocity.java:255)
	at net.lax1dude.eaglercraft.backend.server.velocity.PlatformPluginVelocity$$FastClassByGuice$$8b346.GUICE$TRAMPOLINE(<generated>)
	at net.lax1dude.eaglercraft.backend.server.velocity.PlatformPluginVelocity$$FastClassByGuice$$8b346.apply(<generated>)
	at com.google.inject.internal.DefaultConstructionProxyFactory$FastClassProxy.newInstance(DefaultConstructionProxyFactory.java:82)
	at com.google.inject.internal.ConstructorInjector.provision(ConstructorInjector.java:114)
	at com.google.inject.internal.ConstructorInjector.construct(ConstructorInjector.java:91)
	at com.google.inject.internal.ConstructorBindingImpl$Factory.get(ConstructorBindingImpl.java:300)
	at com.google.inject.internal.ProviderToInternalFactoryAdapter.get(ProviderToInternalFactoryAdapter.java:40)
	at com.google.inject.internal.SingletonScope$1.get(SingletonScope.java:169)
	at com.google.inject.internal.InternalFactoryToProviderAdapter.get(InternalFactoryToProviderAdapter.java:45)
	at com.google.inject.internal.InjectorImpl$1.get(InjectorImpl.java:1148)
	at com.google.inject.internal.InjectorImpl.getInstance(InjectorImpl.java:1186)
	at com.velocitypowered.proxy.plugin.loader.java.JavaPluginLoader.createPlugin(JavaPluginLoader.java:127)
	at com.velocitypowered.proxy.plugin.VelocityPluginManager.loadPlugins(VelocityPluginManager.java:173)
	at com.velocitypowered.proxy.VelocityServer.loadPlugins(VelocityServer.java:436)
	at com.velocitypowered.proxy.VelocityServer.start(VelocityServer.java:307)
	at com.velocitypowered.proxy.Velocity.main(Velocity.java:71)
[11:37:45] [main/INFO] [com.velocitypowered.proxy.plugin.VelocityPluginManager]: Loaded plugin eaglerxserver 1.0.8 by lax1dude
[11:37:45] [main/INFO] [com.velocitypowered.proxy.plugin.VelocityPluginManager]: Loaded plugin viaversion 5.8.1 by _MylesC, creeper123123321, Gerrygames, kennytv, Matsv, EnZaXD, RK_01
[11:37:45] [main/INFO] [com.velocitypowered.proxy.plugin.VelocityPluginManager]: Loaded plugin viabackwards 5.8.1 by Matsv, kennytv, Gerrygames, creeper123123321, ForceUpdate1, EnZaXD
[11:37:45] [main/INFO] [com.velocitypowered.proxy.plugin.VelocityPluginManager]: Loaded plugin viarewind 4.0.15 by EnZaXD, Gerrygames, creeper123123321
[11:37:45] [main/INFO] [com.velocitypowered.proxy.VelocityServer]: Loaded 5 plugins
[11:37:45] [EaglercraftXServer - Task Executor #0/WARN] [com.velocitypowered.proxy.network.ConnectionManager]: The server channel initializer has been replaced by java.base/jdk.internal.reflect.DirectMethodHandleAccessor.invoke(DirectMethodHandleAccessor.java:104)
[11:37:45] [EaglercraftXServer - Task Executor #0/INFO] [eaglerxserver]: Enabling EaglercraftXServer 1.0.8...
[11:37:45] [EaglercraftXServer - Task Executor #0/INFO] [eaglerxserver]: Connecting to skin cache database "jdbc:sqlite:eagler_skins_cache.db"...
[11:37:46] [EaglercraftXServer - Task Executor #0/INFO] [eaglerxserver]: Connected to skin cache database successfully!
[11:37:47] [Via-Mappingloader-1/INFO] [viaversion]: Loading block connection mappings ...
[11:37:47] [EaglercraftXServer - Task Executor #0/INFO] [viaversion]: Replacing channel initializers; you can safely ignore the following two warnings.
[11:37:47] [EaglercraftXServer - Task Executor #0/WARN] [com.velocitypowered.proxy.network.ConnectionManager]: The server channel initializer has been replaced by java.base/jdk.internal.reflect.DirectMethodHandleAccessor.invoke(DirectMethodHandleAccessor.java:104)
[11:37:47] [EaglercraftXServer - Task Executor #0/WARN] [com.velocitypowered.proxy.network.ConnectionManager]: The backend channel initializer has been replaced by java.base/jdk.internal.reflect.DirectMethodHandleAccessor.invoke(DirectMethodHandleAccessor.java:104)
[11:37:47] [Netty epoll Worker #0/INFO] [eaglerxserver]: You are running the latest version of EaglerXServer
[11:37:47] [EaglercraftXServer - Task Executor #0/INFO] [viabackwards]: Loading translations...
[11:37:47] [EaglercraftXServer - Task Executor #0/INFO] [viabackwards]: Registering protocols...
[11:37:48] [EaglercraftXServer - Task Executor #0/INFO] [viarewind]: Registering protocols...
[11:37:49] [EaglercraftXServer - Task Executor #0/INFO] [viaversion]: ViaVersion detected lowest supported version by the proxy: 1.7.2-1.7.5 (4)
[11:37:49] [EaglercraftXServer - Task Executor #0/INFO] [viaversion]: Highest supported version by the proxy: 26.1 (775)
[11:37:49] [ViaVersion - Task Executor #2/INFO] [viaversion]: Finished mapping loading, shutting down loader executor.
[11:37:49] [Netty epoll Worker #2/INFO] [eaglerxserver]: Listener "listener0" injected into channel [id: 0x883b2d1c, L:/[0:0:0:0:0:0:0:0]:25565] successfully (Velocity method)
[11:37:49] [Netty epoll Worker #2/INFO] [com.velocitypowered.proxy.network.ConnectionManager]: Listening on /[0:0:0:0:0:0:0:0]:25565
[11:37:49] [Netty epoll Worker #3/INFO] [eaglerxserver]: Listener "listener0" injected into channel [id: 0x78627291, L:/[0:0:0:0:0:0:0:0]:25565] successfully (Velocity method)
[11:37:49] [Netty epoll Worker #3/INFO] [com.velocitypowered.proxy.network.ConnectionManager]: Listening on /[0:0:0:0:0:0:0:0]:25565
[11:37:49] [Netty epoll Worker #0/INFO] [eaglerxserver]: Listener "listener0" injected into channel [id: 0x53bb2b14, L:/[0:0:0:0:0:0:0:0]:25565] successfully (Velocity method)
[11:37:49] [Netty epoll Worker #0/INFO] [com.velocitypowered.proxy.network.ConnectionManager]: Listening on /[0:0:0:0:0:0:0:0]:25565
[11:37:49] [Netty epoll Worker #1/INFO] [eaglerxserver]: Listener "listener0" injected into channel [id: 0xbee0f411, L:/[0:0:0:0:0:0:0:0]:25565] successfully (Velocity method)
[11:37:49] [Netty epoll Worker #1/INFO] [com.velocitypowered.proxy.network.ConnectionManager]: Listening on /[0:0:0:0:0:0:0:0]:25565
[11:37:49] [main/INFO] [com.velocitypowered.proxy.Velocity]: Done (5.51s)!
[11:46:39] [Netty epoll Worker #3/INFO] [com.velocitypowered.proxy.connection.client.AuthSessionHandler]: [connected player] IHateMyGrades (/[0:0:0:0:0:0:0:1]:55834) has connected
[11:46:39] [Netty epoll Worker #3/INFO] [com.velocitypowered.proxy.connection.MinecraftConnection]: [server connection] IHateMyGrades -> lobby has connected
[11:46:42] [Netty epoll Worker #3/WARN] [viabackwards]: (1.17->1.16.4) Increased world height is NOT SUPPORTED for 1.16 players and below. They will see a void below y 0 and above 256. You can enable the `bedrock-at-y-0` config option to replace the air with a bedrock layer.
[11:47:01] [Netty epoll Worker #3/INFO] [com.velocitypowered.proxy.connection.MinecraftConnection]: [connected player] IHateMyGrades (/[0:0:0:0:0:0:0:1]:55834) has disconnected
[11:47:01] [Netty epoll Worker #3/INFO] [com.velocitypowered.proxy.connection.MinecraftConnection]: [server connection] IHateMyGrades -> lobby has disconnected
[11:59:23] [Netty epoll Worker #2/INFO] [com.velocitypowered.proxy.connection.client.AuthSessionHandler]: [connected player] IHateMyGrades (/[0:0:0:0:0:0:0:1]:54198) has connected
[11:59:23] [Netty epoll Worker #2/INFO] [com.velocitypowered.proxy.connection.MinecraftConnection]: [server connection] IHateMyGrades -> lobby has connected
[12:00:48] [Netty epoll Worker #2/INFO] [com.velocitypowered.proxy.connection.client.ConnectedPlayer]: [connected player] IHateMyGrades (/[0:0:0:0:0:0:0:1]:54198): kicked from server lobby: Server closed
[12:00:48] [Netty epoll Worker #2/INFO] [com.velocitypowered.proxy.connection.MinecraftConnection]: [server connection] IHateMyGrades -> lobby has disconnected
[12:00:48] [Netty epoll Worker #2/INFO] [com.velocitypowered.proxy.connection.client.ConnectedPlayer]: [connected player] IHateMyGrades (/[0:0:0:0:0:0:0:1]:54198) has disconnected: You were kicked from lobby: Server closed
[12:03:40] [Netty epoll Worker #3/INFO] [com.velocitypowered.proxy.connection.client.AuthSessionHandler]: [connected player] IHateMyGrades (/[0:0:0:0:0:0:0:1]:56524) has connected
[12:03:40] [Netty epoll Worker #3/INFO] [com.velocitypowered.proxy.connection.MinecraftConnection]: [server connection] IHateMyGrades -> lobby has connected
[12:03:49] [Netty epoll Worker #3/INFO] [com.velocitypowered.proxy.connection.MinecraftConnection]: [connected player] IHateMyGrades (/[0:0:0:0:0:0:0:1]:56524) has disconnected
[12:03:49] [Netty epoll Worker #3/INFO] [com.velocitypowered.proxy.connection.MinecraftConnection]: [server connection] IHateMyGrades -> lobby has disconnected
[12:03:52] [Netty epoll Worker #1/INFO] [com.velocitypowered.proxy.connection.client.AuthSessionHandler]: [connected player] IHateMyGrades (/[0:0:0:0:0:0:0:1]:52114) has connected
[12:03:52] [Netty epoll Worker #1/INFO] [com.velocitypowered.proxy.connection.MinecraftConnection]: [server connection] IHateMyGrades -> lobby has connected
[12:04:49] [Netty epoll Worker #1/INFO] [com.velocitypowered.proxy.connection.client.ConnectedPlayer]: [connected player] IHateMyGrades (/[0:0:0:0:0:0:0:1]:52114): kicked from server lobby: Server closed
[12:04:49] [Netty epoll Worker #1/INFO] [com.velocitypowered.proxy.connection.MinecraftConnection]: [server connection] IHateMyGrades -> lobby has disconnected
[12:04:49] [Netty epoll Worker #1/INFO] [com.velocitypowered.proxy.connection.client.ConnectedPlayer]: [connected player] IHateMyGrades (/[0:0:0:0:0:0:0:1]:52114) has disconnected: You were kicked from lobby: Server closed
[12:09:37] [Netty epoll Worker #3/INFO] [com.velocitypowered.proxy.connection.client.AuthSessionHandler]: [connected player] IHateMyGrades (/[0:0:0:0:0:0:0:1]:44740) has connected
[12:09:38] [Netty epoll Worker #3/INFO] [com.velocitypowered.proxy.connection.MinecraftConnection]: [server connection] IHateMyGrades -> lobby has connected
[12:13:03] [Netty epoll Worker #3/INFO] [com.velocitypowered.proxy.connection.client.ConnectedPlayer]: [connected player] IHateMyGrades (/[0:0:0:0:0:0:0:1]:44740): kicked from server lobby: disconnect.timeout
[12:13:03] [Netty epoll Worker #3/INFO] [com.velocitypowered.proxy.connection.MinecraftConnection]: [server connection] IHateMyGrades -> lobby has disconnected
[12:13:03] [Netty epoll Worker #3/INFO] [com.velocitypowered.proxy.connection.client.ConnectedPlayer]: [connected player] IHateMyGrades (/[0:0:0:0:0:0:0:1]:44740) has disconnected: You were kicked from lobby: disconnect.timeout
[12:13:07] [Netty epoll Worker #0/INFO] [com.velocitypowered.proxy.connection.client.AuthSessionHandler]: [connected player] IHateMyGrades (/[0:0:0:0:0:0:0:1]:58842) has connected
[12:13:07] [Netty epoll Worker #0/INFO] [com.velocitypowered.proxy.connection.MinecraftConnection]: [server connection] IHateMyGrades -> lobby has connected
[12:15:55] [Netty epoll Worker #0/INFO] [com.velocitypowered.proxy.connection.client.ConnectedPlayer]: [connected player] IHateMyGrades (/[0:0:0:0:0:0:0:1]:58842): kicked from server lobby: Server closed
[12:15:55] [Netty epoll Worker #0/INFO] [com.velocitypowered.proxy.connection.MinecraftConnection]: [server connection] IHateMyGrades -> lobby has disconnected
[12:15:55] [Netty epoll Worker #0/INFO] [com.velocitypowered.proxy.connection.client.ConnectedPlayer]: [connected player] IHateMyGrades (/[0:0:0:0:0:0:0:1]:58842) has disconnected: You were kicked from lobby: Server closed
[12:28:45] [Netty epoll Worker #0/INFO] [com.velocitypowered.proxy.connection.client.AuthSessionHandler]: [connected player] IHateMyGrades (/[0:0:0:0:0:0:0:1]:46756) has connected
[12:28:45] [Netty epoll Worker #0/INFO] [com.velocitypowered.proxy.connection.MinecraftConnection]: [server connection] IHateMyGrades -> lobby has connected
[12:31:57] [Netty epoll Worker #0/INFO] [com.velocitypowered.proxy.connection.client.ConnectedPlayer]: [connected player] IHateMyGrades (/[0:0:0:0:0:0:0:1]:46756): kicked from server lobby: disconnect.timeout
[12:31:57] [Netty epoll Worker #0/INFO] [com.velocitypowered.proxy.connection.MinecraftConnection]: [server connection] IHateMyGrades -> lobby has disconnected
[12:31:57] [Netty epoll Worker #0/INFO] [com.velocitypowered.proxy.connection.client.ConnectedPlayer]: [connected player] IHateMyGrades (/[0:0:0:0:0:0:0:1]:46756) has disconnected: You were kicked from lobby: disconnect.timeout
[12:45:12] [Thread-2/INFO] [com.velocitypowered.proxy.VelocityServer]: Shutting down the proxy...
[12:45:12] [Thread-2/INFO] [com.velocitypowered.proxy.network.ConnectionManager]: Closing endpoint /0.0.0.0:25565
[12:45:12] [Thread-2/INFO] [com.velocitypowered.proxy.network.ConnectionManager]: Closing endpoint /0.0.0.0:25565
[12:45:12] [Thread-2/INFO] [com.velocitypowered.proxy.network.ConnectionManager]: Closing endpoint /0.0.0.0:25565
[12:45:12] [Thread-2/INFO] [com.velocitypowered.proxy.network.ConnectionManager]: Closing endpoint /0.0.0.0:25565
[12:45:12] [EaglercraftXServer - Task Executor #5/INFO] [eaglerxserver]: Disabling EaglercraftXServer 1.0.8...
[12:45:12] [EaglercraftXServer - Task Executor #5/INFO] [eaglerxserver]: Disconnecting from skin cache database "jdbc:sqlite:eagler_skins_cache.db"...
[12:45:12] [EaglercraftXServer - Task Executor #5/INFO] [eaglerxserver]: Disconnected from skin cache database successfully!
